Microchip MPLAB XC8 Compiler V2.45

Linker command line:

-W-3 \
  --edf=C:\Program Files\Microchip\xc8\v2.45\pic\dat\20230818022343_en.msgs \
  -cn -h+dist/default/production\PIC18F4620_interfacing_A101.production.sym \
  --cmf=dist/default/production\PIC18F4620_interfacing_A101.production.cmf \
  -z -Q18F4620 -oC:\Users\alseb\AppData\Local\Temp\xcAshm4.\driver_tmp_3.o \
  --defsym=__MPLAB_BUILD=1 --fixupoverflow=error \
  -Mdist/default/production/PIC18F4620_interfacing_A101.production.map \
  --md=C:\Users\alseb\AppData\Local\Temp\xcAshm4.\driver_tmp_0.dat -E1 \
  -ver=XC8 Compiler --acfsm=1493 -ACODE=00h-0FFFFh -ACONST=00h-0FFFFh \
  -ASMALLCONST=01000h-010FFhx240 -AMEDIUMCONST=01000h-0FFFFh \
  -ACOMRAM=01h-07Fh -AABS1=00h-0F7Fh -ABIGRAM=01h-0F7Fh \
  -ARAM=080h-0FFh,0100h-01FFhx14,0F00h-0F7Fh -ABANK0=080h-0FFh \
  -ABANK1=0100h-01FFh -ABANK2=0200h-02FFh -ABANK3=0300h-03FFh \
  -ABANK4=0400h-04FFh -ABANK5=0500h-05FFh -ABANK6=0600h-06FFh \
  -ABANK7=0700h-07FFh -ABANK8=0800h-08FFh -ABANK9=0900h-09FFh \
  -ABANK10=0A00h-0AFFh -ABANK11=0B00h-0BFFh -ABANK12=0C00h-0CFFh \
  -ABANK13=0D00h-0DFFh -ABANK14=0E00h-0EFFh -ABANK15=0F00h-0F7Fh \
  -ASFR=0F80h-0FFFh -ABIGSFR=0F80h-0FFFh -ACONFIG=0300000h-030000Dh \
  -AIDLOC=0200000h-0200007h -AEEDATA=0F00000h-0F003FFh -peeprom_data=EEDATA \
  -preset_vec=00h,intcode,intcodelo,powerup,init -pramtop=01000h \
  -psmallconst=SMALLCONST -pmediumconst=MEDIUMCONST -pconst=CONST \
  -AFARRAM=00h-00h \
  -prdata=COMRAM,nvrram=COMRAM,nvbit=COMRAM,rbss=COMRAM,rbit=COMRAM \
  -pfarbss=FARRAM,fardata=FARRAM,nvFARRAM=FARRAM \
  -pintsave_regs=BIGRAM,bigbss=BIGRAM,bigdata=BIGRAM -pbss=RAM \
  -pidata=CODE,irdata=CODE,ibigdata=CODE,ifardata=CODE -prparam=COMRAM \
  C:\Users\alseb\AppData\Local\Temp\xcAshm4.\driver_tmp_9.o \
  dist/default/production\PIC18F4620_interfacing_A101.production.o 

Object code version is 3.11

Machine type is 18F4620



                Name                               Link     Load   Length Selector   Space Scale
C:\Users\alseb\AppData\Local\Temp\xcAshm4.\driver_tmp_9.o
                config                           300000   300000        E        0       4
                init                                  0        0        4        0       0
dist/default/production\PIC18F4620_interfacing_A101.production.o
                config                           300000   300000        E        0       4
                smallconst                         1000     1000        2      800       0
                text11                             12E2     12E2       F2      801       0
                text10                             11F0     11F0       F2      801       0
                text9                              13D4     13D4       C0      801       0
                text8                              10FE     10FE       F2      801       0
                text7                              15E0     15E0       7C      801       0
                text6                              165C     165C       5A      801       0
                text5                              1796     1796       1E      801       0
                text4                              1774     1774       22      801       0
                text3                              16B6     16B6       54      801       0
                text2                              1002     1002       FC      801       0
                text1                              153C     153C       A4      801       0
                text0                              1494     1494       A8      801       0
                cstackCOMRAM                         4A       4A       12        1       1
                dataCOMRAM                            1        1       34        1       1
                bssCOMRAM                            35       35       15        1       1
                cinit                              170A     170A       36      801       0
                idataCOMRAM                        1740     1740       34      801       0

TOTAL           Name                               Link     Load   Length     Space
        CLASS   CODE           
                init                                  0        0        4         0
                text11                             12E2     12E2       F2         0
                text10                             11F0     11F0       F2         0
                text9                              13D4     13D4       C0         0
                text8                              10FE     10FE       F2         0
                text7                              15E0     15E0       7C         0
                text6                              165C     165C       5A         0
                text5                              1796     1796       1E         0
                text4                              1774     1774       22         0
                text3                              16B6     16B6       54         0
                text2                              1002     1002       FC         0
                text1                              153C     153C       A4         0
                text0                              1494     1494       A8         0
                cinit                              170A     170A       36         0
                idataCOMRAM                        1740     1740       34         0

        CLASS   CONST          

        CLASS   SMALLCONST     
                smallconst                         1000     1000        2         0

        CLASS   MEDIUMCONST    

        CLASS   COMRAM         
                cstackCOMRAM                         4A       4A       12         1
                dataCOMRAM                            1        1       34         1
                bssCOMRAM                            35       35       15         1

        CLASS   ABS1           

        CLASS   BIGRAM         

        CLASS   RAM            

        CLASS   BANK0          

        CLASS   BANK1          

        CLASS   BANK2          

        CLASS   BANK3          

        CLASS   BANK4          

        CLASS   BANK5          

        CLASS   BANK6          

        CLASS   BANK7          

        CLASS   BANK8          

        CLASS   BANK9          

        CLASS   BANK10         

        CLASS   BANK11         

        CLASS   BANK12         

        CLASS   BANK13         

        CLASS   BANK14         

        CLASS   BANK15         

        CLASS   SFR            

        CLASS   BIGSFR         

        CLASS   CONFIG         
                config                           300000   300000        E         4

        CLASS   IDLOC          

        CLASS   EEDATA         

        CLASS   FARRAM         

        CLASS   HEAP           

        CLASS   STACK          



SEGMENTS        Name                           Load    Length   Top    Selector   Space  Class

                reset_vec                      000000  000004  000004         0       0  CODE    
                dataCOMRAM                     000001  00005B  00005C         1       1  COMRAM  
                smallconst                     001000  000002  001002       800       0  SMALLCON
                text2                          001002  0007B2  0017B4       801       0  CODE    


UNUSED ADDRESS RANGES

        Name                Unused          Largest block    Delta
        BANK0            000080-0000FF               80
        BANK1            000100-0001FF              100
        BANK10           000A00-000AFF              100
        BANK11           000B00-000BFF              100
        BANK12           000C00-000CFF              100
        BANK13           000D00-000DFF              100
        BANK14           000E00-000EFF              100
        BANK15           000F00-000F7F               80
        BANK2            000200-0002FF              100
        BANK3            000300-0003FF              100
        BANK4            000400-0004FF              100
        BANK5            000500-0005FF              100
        BANK6            000600-0006FF              100
        BANK7            000700-0007FF              100
        BANK8            000800-0008FF              100
        BANK9            000900-0009FF              100
        BIGRAM           00005C-000F7F              F24
        BIGSFR           000F80-000FFF               80
        CODE             000004-000FFF              FFC
                         0017B4-00FFFF             E84C
        COMRAM           00005C-00007F               24
        CONST            000004-000FFF              FFC
                         0017B4-00FFFF             E84C
        EEDATA           F00000-F003FF              400
        IDLOC            200000-200007                8
        MEDIUMCONST      0017B4-00FFFF             E84C
        RAM              000080-000F7F              100
        SFR              000F80-000FFF               80
        SMALLCONST       0017B4-00FFFF              100

                                  Symbol Table

_LATA                                      (abs)        000F89
_LATB                                      (abs)        000F8A
_LATC                                      (abs)        000F8B
_LATD                                      (abs)        000F8C
_LATE                                      (abs)        000F8D
_LAT_REG_ADD_arr                           dataCOMRAM   000001
_PORTA                                     (abs)        000F80
_PORTB                                     (abs)        000F81
_PORTC                                     (abs)        000F82
_PORTD                                     (abs)        000F83
_PORTE                                     (abs)        000F84
_PORT_REG_ADD_arr                          dataCOMRAM   00000B
_TRISA                                     (abs)        000F92
_TRISB                                     (abs)        000F93
_TRISC                                     (abs)        000F94
_TRISD                                     (abs)        000F95
_TRISE                                     (abs)        000F96
_TRIS_REG_ADD_arr                          dataCOMRAM   000015
__HRAM                                     (abs)        000000
__H__absolute__                            __absolute__ 000000
__Habs1                                    abs1         000000
__Hbank0                                   bank0        000000
__Hbank1                                   bank1        000000
__Hbank10                                  bank10       000000
__Hbank11                                  bank11       000000
__Hbank12                                  bank12       000000
__Hbank13                                  bank13       000000
__Hbank14                                  bank14       000000
__Hbank15                                  bank15       000000
__Hbank2                                   bank2        000000
__Hbank3                                   bank3        000000
__Hbank4                                   bank4        000000
__Hbank5                                   bank5        000000
__Hbank6                                   bank6        000000
__Hbank7                                   bank7        000000
__Hbank8                                   bank8        000000
__Hbank9                                   bank9        000000
__Hbigbss                                  bigbss       000000
__Hbigdata                                 bigdata      000000
__Hbigram                                  bigram       000000
__Hbigsfr                                  bigsfr       000000
__Hbss                                     bss          000000
__HbssCOMRAM                               bssCOMRAM    000000
__Hcinit                                   cinit        000000
__Hclrtext                                 clrtext      000000
__Hcomram                                  comram       000000
__Hconfig                                  config       30000E
__Hconst                                   const        000000
__HcstackCOMRAM                            cstackCOMRAM 000000
__Hdata                                    data         000000
__HdataCOMRAM                              dataCOMRAM   000000
__Heeprom_data                             eeprom_data  000000
__Hfarbss                                  farbss       000000
__Hfardata                                 fardata      000000
__Hheap                                    heap         000000
__Hibigdata                                ibigdata     000000
__Hidata                                   idata        000000
__HidataCOMRAM                             idataCOMRAM  000000
__Hidloc                                   idloc        000000
__Hifardata                                ifardata     000000
__Hinit                                    init         000004
__Hintcode                                 intcode      000000
__Hintcode_body                            intcode_body 000000
__Hintcodelo                               intcodelo    000000
__Hintentry                                intentry     000000
__Hintret                                  intret       000000
__Hintsave_regs                            intsave_regs 000000
__Hirdata                                  irdata       000000
__Hmediumconst                             mediumconst  000000
__HnvFARRAM                                nvFARRAM     000000
__Hnvbit                                   nvbit        000000
__Hnvrram                                  nvrram       000000
__Hparam                                   rparam       000000
__Hpowerup                                 powerup      000000
__Hram                                     ram          000000
__Hramtop                                  ramtop       001000
__Hrbit                                    rbit         000000
__Hrbss                                    rbss         000000
__Hrdata                                   rdata        000000
__Hreset_vec                               reset_vec    000000
__Hrparam                                  rparam       000000
__Hsfr                                     sfr          000000
__Hsmallconst                              smallconst   001002
__Hspace_0                                 (abs)        0017B4
__Hspace_1                                 (abs)        00005C
__Hspace_2                                 (abs)        000000
__Hspace_4                                 (abs)        60000E
__Hstack                                   stack        000000
__Hstruct                                  struct       000000
__Htemp                                    temp         000000
__Htext                                    text         000000
__Htext0                                   text0        000000
__Htext1                                   text1        000000
__Htext10                                  text10       000000
__Htext11                                  text11       000000
__Htext2                                   text2        000000
__Htext3                                   text3        000000
__Htext4                                   text4        000000
__Htext5                                   text5        000000
__Htext6                                   text6        000000
__Htext7                                   text7        000000
__Htext8                                   text8        000000
__Htext9                                   text9        000000
__LRAM                                     (abs)        000001
__L__absolute__                            __absolute__ 000000
__Labs1                                    abs1         000000
__Lbank0                                   bank0        000000
__Lbank1                                   bank1        000000
__Lbank10                                  bank10       000000
__Lbank11                                  bank11       000000
__Lbank12                                  bank12       000000
__Lbank13                                  bank13       000000
__Lbank14                                  bank14       000000
__Lbank15                                  bank15       000000
__Lbank2                                   bank2        000000
__Lbank3                                   bank3        000000
__Lbank4                                   bank4        000000
__Lbank5                                   bank5        000000
__Lbank6                                   bank6        000000
__Lbank7                                   bank7        000000
__Lbank8                                   bank8        000000
__Lbank9                                   bank9        000000
__Lbigbss                                  bigbss       000000
__Lbigdata                                 bigdata      000000
__Lbigram                                  bigram       000000
__Lbigsfr                                  bigsfr       000000
__Lbss                                     bss          000000
__LbssCOMRAM                               bssCOMRAM    000000
__Lcinit                                   cinit        000000
__Lclrtext                                 clrtext      000000
__Lcomram                                  comram       000000
__Lconfig                                  config       000000
__Lconst                                   const        000000
__LcstackCOMRAM                            cstackCOMRAM 000000
__Ldata                                    data         000000
__LdataCOMRAM                              dataCOMRAM   000000
__Leeprom_data                             eeprom_data  000000
__Lfarbss                                  farbss       000000
__Lfardata                                 fardata      000000
__Lheap                                    heap         000000
__Libigdata                                ibigdata     000000
__Lidata                                   idata        000000
__LidataCOMRAM                             idataCOMRAM  000000
__Lidloc                                   idloc        000000
__Lifardata                                ifardata     000000
__Linit                                    init         000000
__Lintcode                                 intcode      000000
__Lintcode_body                            intcode_body 000000
__Lintcodelo                               intcodelo    000000
__Lintentry                                intentry     000000
__Lintret                                  intret       000000
__Lintsave_regs                            intsave_regs 000000
__Lirdata                                  irdata       000000
__Lmediumconst                             mediumconst  000000
__LnvFARRAM                                nvFARRAM     000000
__Lnvbit                                   nvbit        000000
__Lnvrram                                  nvrram       000000
__Lparam                                   rparam       000000
__Lpowerup                                 powerup      000000
__Lram                                     ram          000000
__Lramtop                                  ramtop       001000
__Lrbit                                    rbit         000000
__Lrbss                                    rbss         000000
__Lrdata                                   rdata        000000
__Lreset_vec                               reset_vec    000000
__Lrparam                                  rparam       000000
__Lsfr                                     sfr          000000
__Lsmallconst                              smallconst   001000
__Lspace_0                                 (abs)        000000
__Lspace_1                                 (abs)        000000
__Lspace_2                                 (abs)        000000
__Lspace_4                                 (abs)        000000
__Lstack                                   stack        000000
__Lstruct                                  struct       000000
__Ltemp                                    temp         000000
__Ltext                                    text         000000
__Ltext0                                   text0        000000
__Ltext1                                   text1        000000
__Ltext10                                  text10       000000
__Ltext11                                  text11       000000
__Ltext2                                   text2        000000
__Ltext3                                   text3        000000
__Ltext4                                   text4        000000
__Ltext5                                   text5        000000
__Ltext6                                   text6        000000
__Ltext7                                   text7        000000
__Ltext8                                   text8        000000
__Ltext9                                   text9        000000
__S0                                       (abs)        0017B4
__S1                                       (abs)        00005C
__S4                                       (abs)        000000
__S5                                       (abs)        000000
___heap_hi                                 (abs)        000000
___heap_lo                                 (abs)        000000
___inthi_sp                                stack        000000
___inthi_stack_hi                          stack        000000
___inthi_stack_lo                          stack        000000
___intlo_sp                                stack        000000
___intlo_stack_hi                          stack        000000
___intlo_stack_lo                          stack        000000
___param_bank                              (abs)        000000
___rparam_used                             (abs)        000001
___sp                                      stack        000000
___stack_hi                                stack        000000
___stack_lo                                stack        000000
__accesstop                                (abs)        000080
__activetblptr                             (abs)        000002
__end_of__initialization                   cinit        001736
__end_of_app_init                          text4        001796
__end_of_clear_bit_uint8                   text11       0013D4
__end_of_gpio_pin_direction_initialize     text9        001494
__end_of_gpio_pin_initialize               text7        00165C
__end_of_gpio_pin_read_logic               text2        0010FE
__end_of_gpio_pin_write_logic              text8        0011F0
__end_of_led_init                          text6        0016B6
__end_of_led_on_off                        text3        00170A
__end_of_main                              text0        00153C
__end_of_push_button_init                  text5        0017B4
__end_of_push_button_read                  text1        0015E0
__end_of_set_bit_uint8                     text10       0012E2
__initialization                           cinit        00170A
__mediumconst                              mediumconst  000000
__pbssCOMRAM                               bssCOMRAM    000035
__pcinit                                   cinit        00170A
__pcstackCOMRAM                            cstackCOMRAM 00004A
__pdataCOMRAM                              dataCOMRAM   000001
__pidataCOMRAM                             idataCOMRAM  001740
__psmallconst                              smallconst   001000
__ptext0                                   text0        001494
__ptext1                                   text1        00153C
__ptext10                                  text10       0011F0
__ptext11                                  text11       0012E2
__ptext2                                   text2        001002
__ptext3                                   text3        0016B6
__ptext4                                   text4        001774
__ptext5                                   text5        001796
__ptext6                                   text6        00165C
__ptext7                                   text7        0015E0
__ptext8                                   text8        0010FE
__ptext9                                   text9        0013D4
__ramtop                                   ramtop       001000
__smallconst                               smallconst   001000
_app_init                                  text4        001774
_btn_1_high_valid_state                    bssCOMRAM    000048
_btn_counter                               bssCOMRAM    000044
_button_1_state                            dataCOMRAM   000034
_button_2_state                            dataCOMRAM   00001F
_clear_bit_uint8                           text11       0012E2
_flag                                      bssCOMRAM    000049
_gpio_pin_direction_initialize             text9        0013D4
_gpio_pin_initialize                       text7        0015E0
_gpio_pin_read_logic                       text2        001002
_gpio_pin_write_logic                      text8        0010FE
_led_1                                     dataCOMRAM   000031
_led_2                                     dataCOMRAM   00002E
_led_init                                  text6        00165C
_led_on_off                                text3        0016B6
_main                                      text0        001494
_push_btn_1                                dataCOMRAM   000027
_push_btn_2                                dataCOMRAM   000020
_push_button_init                          text5        001796
_push_button_read                          text1        00153C
_set_bit_uint8                             text10       0011F0
clear_bit_uint8@d_IDX_BIT_X                cstackCOMRAM 00004C
clear_bit_uint8@p_reg                      cstackCOMRAM 00004A
end_of_initialization                      cinit        001736
gpio_pin_direction_initialize@p_pin_config cstackCOMRAM 00004F
gpio_pin_initialize@p_pin_config           cstackCOMRAM 000053
gpio_pin_read_logic@bit_mask               cstackCOMRAM 00004E
gpio_pin_read_logic@p_logic                cstackCOMRAM 00004B
gpio_pin_read_logic@p_pin_config           cstackCOMRAM 00004A
gpio_pin_write_logic@d_logic_desired       cstackCOMRAM 000050
gpio_pin_write_logic@p_pin_config          cstackCOMRAM 00004F
intlevel0                                  text         000000
intlevel1                                  text         000000
intlevel2                                  text         000000
intlevel3                                  text         000000
isa$std                                    (abs)        000001
isa$xinst                                  (abs)        000000
led_init@F2933                             bssCOMRAM    00003F
led_init@led_pin                           cstackCOMRAM 000057
led_init@p_led                             cstackCOMRAM 000056
led_on_off@F2938                           bssCOMRAM    00003A
led_on_off@led_pin                         cstackCOMRAM 000055
led_on_off@led_status                      cstackCOMRAM 000054
led_on_off@p_led                           cstackCOMRAM 000053
led_toggle@F2942                           bssCOMRAM    000035
push_button_init@p_push_button             cstackCOMRAM 000052
push_button_read@btn_pin_logic             cstackCOMRAM 000052
push_button_read@p_button_state            cstackCOMRAM 000050
push_button_read@p_push_button             cstackCOMRAM 00004F
set_bit_uint8@d_IDX_BIT_X                  cstackCOMRAM 00004C
set_bit_uint8@p_reg                        cstackCOMRAM 00004A
stackhi                                    (abs)        000000
stacklo                                    (abs)        000000
start                                      init         000000
start_initialization                       cinit        00170A


MODULE INFORMATION

Module		Function		Class		Link	Load	Size
_HAL/MCAL/GPIO/HAL_GPIO.c
		_clear_bit_uint8		CODE           	12E2	0000	242
		_gpio_pin_write_logic		CODE           	10FE	0000	242
		_gpio_pin_read_logic		CODE           	1002	0000	252
		_set_bit_uint8 		CODE           	11F0	0000	242
		_gpio_pin_direction_initialize		CODE           	13D4	0000	192
		_gpio_pin_initialize		CODE           	15E0	0000	124

_HAL/MCAL/GPIO/HAL_GPIO.c estimated size: 1294

_HAL/Drivers/LED/LED.c
		_led_init      		CODE           	165C	0000	90
		_led_on_off    		CODE           	16B6	0000	84

_HAL/Drivers/LED/LED.c estimated size: 174

_HAL/Drivers/button/button.c
		_push_button_read		CODE           	153C	0000	164
		_push_button_init		CODE           	1796	0000	30

_HAL/Drivers/button/button.c estimated size: 194

shared
		__initialization		CODE           	170A	0000	44

shared estimated size: 44

_APP/application.c
		_app_init      		CODE           	1774	0000	34

_APP/application.c estimated size: 34

main.c
		_main          		CODE           	1494	0000	168

main.c estimated size: 168

