Microchip MPLAB XC8 Compiler V2.45

Linker command line:

-W-3 \
  --edf=C:\Program Files\Microchip\xc8\v2.45\pic\dat\20230818022343_en.msgs \
  -cn \
  -h+.ca/dist/defaultActiveCA/production\PIC18F4620_interfacing_A101.production.sym \
  --cmf=.ca/dist/defaultActiveCA/production\PIC18F4620_interfacing_A101.production.cmf \
  -z -Q18F4620 -oC:\Users\alseb\AppData\Local\Temp\xcAskug.\driver_tmp_3.o \
  --defsym=__MPLAB_BUILD=1 --fixupoverflow=error \
  -M.ca/dist/defaultActiveCA/production/PIC18F4620_interfacing_A101.production.map \
  --md=C:\Users\alseb\AppData\Local\Temp\xcAskug.\driver_tmp_0.dat -E1 \
  -ver=XC8 Compiler --acfsm=1493 -ACODE=00h-0FFFFh -ACONST=00h-0FFFFh \
  -ASMALLCONST=01000h-010FFhx240 -AMEDIUMCONST=01000h-0FFFFh \
  -ACOMRAM=01h-07Fh -AABS1=00h-0F7Fh -ABIGRAM=01h-0F7Fh \
  -ARAM=080h-0FFh,0100h-01FFhx14,0F00h-0F7Fh -ABANK0=080h-0FFh \
  -ABANK1=0100h-01FFh -ABANK2=0200h-02FFh -ABANK3=0300h-03FFh \
  -ABANK4=0400h-04FFh -ABANK5=0500h-05FFh -ABANK6=0600h-06FFh \
  -ABANK7=0700h-07FFh -ABANK8=0800h-08FFh -ABANK9=0900h-09FFh \
  -ABANK10=0A00h-0AFFh -ABANK11=0B00h-0BFFh -ABANK12=0C00h-0CFFh \
  -ABANK13=0D00h-0DFFh -ABANK14=0E00h-0EFFh -ABANK15=0F00h-0F7Fh \
  -ASFR=0F80h-0FFFh -ABIGSFR=0F80h-0FFFh -ACONFIG=0300000h-030000Dh \
  -AIDLOC=0200000h-0200007h -AEEDATA=0F00000h-0F003FFh -peeprom_data=EEDATA \
  -preset_vec=00h,intcode,intcodelo,powerup,init -pramtop=01000h \
  -psmallconst=SMALLCONST -pmediumconst=MEDIUMCONST -pconst=CONST \
  -AFARRAM=00h-00h \
  -prdata=COMRAM,nvrram=COMRAM,nvbit=COMRAM,rbss=COMRAM,rbit=COMRAM \
  -pfarbss=FARRAM,fardata=FARRAM,nvFARRAM=FARRAM \
  -pintsave_regs=BIGRAM,bigbss=BIGRAM,bigdata=BIGRAM -pbss=RAM \
  -pidata=CODE,irdata=CODE,ibigdata=CODE,ifardata=CODE -prparam=COMRAM \
  C:\Users\alseb\AppData\Local\Temp\xcAskug.\driver_tmp_9.o \
  .ca/dist/defaultActiveCA/production\PIC18F4620_interfacing_A101.production.o 

Object code version is 3.11

Machine type is 18F4620



                Name                               Link     Load   Length Selector   Space Scale
C:\Users\alseb\AppData\Local\Temp\xcAskug.\driver_tmp_9.o
                config                           300000   300000        E        0       4
                init                                  0        0        4        0       0
.ca/dist/defaultActiveCA/production\PIC18F4620_interfacing_A101.production.o
                config                           300000   300000        E        0       4
                smallconst                         1000     1000        2      800       0
                text8                              1412     1412       80      801       0
                text7                              1260     1260       F2      801       0
                text6                              1352     1352       C0      801       0
                text5                              116E     116E       F2      801       0
                text4                              1492     1492       7C      801       0
                text3                              150E     150E       5A      801       0
                text2                              1002     1002      16C      801       0
                text1                              1568     1568       4C      801       0
                text0                              15EA     15EA       30      801       0
                cstackCOMRAM                         22       22       14        1       1
                dataCOMRAM                            1        1       21        1       1
                bssCOMRAM                            36       36        F        1       1
                cinit                              15B4     15B4       36      801       0
                idataCOMRAM                        161A     161A       21      801       0

TOTAL           Name                               Link     Load   Length     Space
        CLASS   CODE           
                init                                  0        0        4         0
                text8                              1412     1412       80         0
                text7                              1260     1260       F2         0
                text6                              1352     1352       C0         0
                text5                              116E     116E       F2         0
                text4                              1492     1492       7C         0
                text3                              150E     150E       5A         0
                text2                              1002     1002      16C         0
                text1                              1568     1568       4C         0
                text0                              15EA     15EA       30         0
                cinit                              15B4     15B4       36         0
                idataCOMRAM                        161A     161A       21         0

        CLASS   CONST          

        CLASS   SMALLCONST     
                smallconst                         1000     1000        2         0

        CLASS   MEDIUMCONST    

        CLASS   COMRAM         
                cstackCOMRAM                         22       22       14         1
                dataCOMRAM                            1        1       21         1
                bssCOMRAM                            36       36        F         1

        CLASS   ABS1           

        CLASS   BIGRAM         

        CLASS   RAM            

        CLASS   BANK0          

        CLASS   BANK1          

        CLASS   BANK2          

        CLASS   BANK3          

        CLASS   BANK4          

        CLASS   BANK5          

        CLASS   BANK6          

        CLASS   BANK7          

        CLASS   BANK8          

        CLASS   BANK9          

        CLASS   BANK10         

        CLASS   BANK11         

        CLASS   BANK12         

        CLASS   BANK13         

        CLASS   BANK14         

        CLASS   BANK15         

        CLASS   SFR            

        CLASS   BIGSFR         

        CLASS   CONFIG         
                config                           300000   300000        E         4

        CLASS   IDLOC          

        CLASS   EEDATA         

        CLASS   FARRAM         

        CLASS   HEAP           

        CLASS   STACK          



SEGMENTS        Name                           Load    Length   Top    Selector   Space  Class

                reset_vec                      000000  000004  000004         0       0  CODE    
                dataCOMRAM                     000001  000044  000045         1       1  COMRAM  
                smallconst                     001000  000002  001002       800       0  SMALLCON
                text2                          001002  000639  00163B       801       0  CODE    


UNUSED ADDRESS RANGES

        Name                Unused          Largest block    Delta
        BANK0            000080-0000FF               80
        BANK1            000100-0001FF              100
        BANK10           000A00-000AFF              100
        BANK11           000B00-000BFF              100
        BANK12           000C00-000CFF              100
        BANK13           000D00-000DFF              100
        BANK14           000E00-000EFF              100
        BANK15           000F00-000F7F               80
        BANK2            000200-0002FF              100
        BANK3            000300-0003FF              100
        BANK4            000400-0004FF              100
        BANK5            000500-0005FF              100
        BANK6            000600-0006FF              100
        BANK7            000700-0007FF              100
        BANK8            000800-0008FF              100
        BANK9            000900-0009FF              100
        BIGRAM           000045-000F7F              F3B
        BIGSFR           000F80-000FFF               80
        CODE             000004-000FFF              FFC
                         00163B-00FFFF             E9C5
        COMRAM           000045-00007F               3B
        CONST            000004-000FFF              FFC
                         00163B-00FFFF             E9C5
        EEDATA           F00000-F003FF              400
        IDLOC            200000-200007                8
        MEDIUMCONST      00163B-00FFFF             E9C5
        RAM              000080-000F7F              100
        SFR              000F80-000FFF               80
        SMALLCONST       00163B-00FFFF              100

                                  Symbol Table

_LATA                                      (abs)        000F89
_LATB                                      (abs)        000F8A
_LATC                                      (abs)        000F8B
_LATD                                      (abs)        000F8C
_LATE                                      (abs)        000F8D
_LAT_REG_ADD_arr                           dataCOMRAM   000001
_PORTA                                     (abs)        000F80
_PORTB                                     (abs)        000F81
_PORTC                                     (abs)        000F82
_PORTD                                     (abs)        000F83
_PORTE                                     (abs)        000F84
_PORT_REG_ADD_arr                          dataCOMRAM   00000B
_TRISA                                     (abs)        000F92
_TRISB                                     (abs)        000F93
_TRISC                                     (abs)        000F94
_TRISD                                     (abs)        000F95
_TRISE                                     (abs)        000F96
_TRIS_REG_ADD_arr                          dataCOMRAM   000015
__HRAM                                     (abs)        000000
__H__absolute__                            __absolute__ 000000
__Habs1                                    abs1         000000
__Hbank0                                   bank0        000000
__Hbank1                                   bank1        000000
__Hbank10                                  bank10       000000
__Hbank11                                  bank11       000000
__Hbank12                                  bank12       000000
__Hbank13                                  bank13       000000
__Hbank14                                  bank14       000000
__Hbank15                                  bank15       000000
__Hbank2                                   bank2        000000
__Hbank3                                   bank3        000000
__Hbank4                                   bank4        000000
__Hbank5                                   bank5        000000
__Hbank6                                   bank6        000000
__Hbank7                                   bank7        000000
__Hbank8                                   bank8        000000
__Hbank9                                   bank9        000000
__Hbigbss                                  bigbss       000000
__Hbigdata                                 bigdata      000000
__Hbigram                                  bigram       000000
__Hbigsfr                                  bigsfr       000000
__Hbss                                     bss          000000
__HbssCOMRAM                               bssCOMRAM    000000
__Hcinit                                   cinit        000000
__Hclrtext                                 clrtext      000000
__Hcomram                                  comram       000000
__Hconfig                                  config       30000E
__Hconst                                   const        000000
__HcstackCOMRAM                            cstackCOMRAM 000000
__Hdata                                    data         000000
__HdataCOMRAM                              dataCOMRAM   000000
__Heeprom_data                             eeprom_data  000000
__Hfarbss                                  farbss       000000
__Hfardata                                 fardata      000000
__Hheap                                    heap         000000
__Hibigdata                                ibigdata     000000
__Hidata                                   idata        000000
__HidataCOMRAM                             idataCOMRAM  000000
__Hidloc                                   idloc        000000
__Hifardata                                ifardata     000000
__Hinit                                    init         000004
__Hintcode                                 intcode      000000
__Hintcode_body                            intcode_body 000000
__Hintcodelo                               intcodelo    000000
__Hintentry                                intentry     000000
__Hintret                                  intret       000000
__Hintsave_regs                            intsave_regs 000000
__Hirdata                                  irdata       000000
__Hmediumconst                             mediumconst  000000
__HnvFARRAM                                nvFARRAM     000000
__Hnvbit                                   nvbit        000000
__Hnvrram                                  nvrram       000000
__Hparam                                   rparam       000000
__Hpowerup                                 powerup      000000
__Hram                                     ram          000000
__Hramtop                                  ramtop       001000
__Hrbit                                    rbit         000000
__Hrbss                                    rbss         000000
__Hrdata                                   rdata        000000
__Hreset_vec                               reset_vec    000000
__Hrparam                                  rparam       000000
__Hsfr                                     sfr          000000
__Hsmallconst                              smallconst   001002
__Hspace_0                                 (abs)        00163B
__Hspace_1                                 (abs)        000045
__Hspace_2                                 (abs)        000000
__Hspace_4                                 (abs)        60000E
__Hstack                                   stack        000000
__Hstruct                                  struct       000000
__Htemp                                    temp         000000
__Htext                                    text         000000
__Htext0                                   text0        000000
__Htext1                                   text1        000000
__Htext2                                   text2        000000
__Htext3                                   text3        000000
__Htext4                                   text4        000000
__Htext5                                   text5        000000
__Htext6                                   text6        000000
__Htext7                                   text7        000000
__Htext8                                   text8        000000
__LRAM                                     (abs)        000001
__L__absolute__                            __absolute__ 000000
__Labs1                                    abs1         000000
__Lbank0                                   bank0        000000
__Lbank1                                   bank1        000000
__Lbank10                                  bank10       000000
__Lbank11                                  bank11       000000
__Lbank12                                  bank12       000000
__Lbank13                                  bank13       000000
__Lbank14                                  bank14       000000
__Lbank15                                  bank15       000000
__Lbank2                                   bank2        000000
__Lbank3                                   bank3        000000
__Lbank4                                   bank4        000000
__Lbank5                                   bank5        000000
__Lbank6                                   bank6        000000
__Lbank7                                   bank7        000000
__Lbank8                                   bank8        000000
__Lbank9                                   bank9        000000
__Lbigbss                                  bigbss       000000
__Lbigdata                                 bigdata      000000
__Lbigram                                  bigram       000000
__Lbigsfr                                  bigsfr       000000
__Lbss                                     bss          000000
__LbssCOMRAM                               bssCOMRAM    000000
__Lcinit                                   cinit        000000
__Lclrtext                                 clrtext      000000
__Lcomram                                  comram       000000
__Lconfig                                  config       000000
__Lconst                                   const        000000
__LcstackCOMRAM                            cstackCOMRAM 000000
__Ldata                                    data         000000
__LdataCOMRAM                              dataCOMRAM   000000
__Leeprom_data                             eeprom_data  000000
__Lfarbss                                  farbss       000000
__Lfardata                                 fardata      000000
__Lheap                                    heap         000000
__Libigdata                                ibigdata     000000
__Lidata                                   idata        000000
__LidataCOMRAM                             idataCOMRAM  000000
__Lidloc                                   idloc        000000
__Lifardata                                ifardata     000000
__Linit                                    init         000000
__Lintcode                                 intcode      000000
__Lintcode_body                            intcode_body 000000
__Lintcodelo                               intcodelo    000000
__Lintentry                                intentry     000000
__Lintret                                  intret       000000
__Lintsave_regs                            intsave_regs 000000
__Lirdata                                  irdata       000000
__Lmediumconst                             mediumconst  000000
__LnvFARRAM                                nvFARRAM     000000
__Lnvbit                                   nvbit        000000
__Lnvrram                                  nvrram       000000
__Lparam                                   rparam       000000
__Lpowerup                                 powerup      000000
__Lram                                     ram          000000
__Lramtop                                  ramtop       001000
__Lrbit                                    rbit         000000
__Lrbss                                    rbss         000000
__Lrdata                                   rdata        000000
__Lreset_vec                               reset_vec    000000
__Lrparam                                  rparam       000000
__Lsfr                                     sfr          000000
__Lsmallconst                              smallconst   001000
__Lspace_0                                 (abs)        000000
__Lspace_1                                 (abs)        000000
__Lspace_2                                 (abs)        000000
__Lspace_4                                 (abs)        000000
__Lstack                                   stack        000000
__Lstruct                                  struct       000000
__Ltemp                                    temp         000000
__Ltext                                    text         000000
__Ltext0                                   text0        000000
__Ltext1                                   text1        000000
__Ltext2                                   text2        000000
__Ltext3                                   text3        000000
__Ltext4                                   text4        000000
__Ltext5                                   text5        000000
__Ltext6                                   text6        000000
__Ltext7                                   text7        000000
__Ltext8                                   text8        000000
__S0                                       (abs)        00163B
__S1                                       (abs)        000045
__S4                                       (abs)        000000
__S5                                       (abs)        000000
___heap_hi                                 (abs)        000000
___heap_lo                                 (abs)        000000
___inthi_sp                                stack        000000
___inthi_stack_hi                          stack        000000
___inthi_stack_lo                          stack        000000
___intlo_sp                                stack        000000
___intlo_stack_hi                          stack        000000
___intlo_stack_lo                          stack        000000
___param_bank                              (abs)        000000
___rparam_used                             (abs)        000001
___sp                                      stack        000000
___stack_hi                                stack        000000
___stack_lo                                stack        000000
__accesstop                                (abs)        000080
__activetblptr                             (abs)        000002
__end_of__initialization                   cinit        0015E0
__end_of_clear_bit_uint8                   text8        001492
__end_of_gpio_pin_direction_initialize     text6        001412
__end_of_gpio_pin_initialize               text4        00150E
__end_of_gpio_pin_toggle_logic             text2        00116E
__end_of_gpio_pin_write_logic              text5        001260
__end_of_led_init                          text3        001568
__end_of_led_toggle                        text1        0015B4
__end_of_main                              text0        00161A
__end_of_set_bit_uint8                     text7        001352
__initialization                           cinit        0015B4
__mediumconst                              mediumconst  000000
__pbssCOMRAM                               bssCOMRAM    000036
__pcinit                                   cinit        0015B4
__pcstackCOMRAM                            cstackCOMRAM 000022
__pdataCOMRAM                              dataCOMRAM   000001
__pidataCOMRAM                             idataCOMRAM  00161A
__psmallconst                              smallconst   001000
__ptext0                                   text0        0015EA
__ptext1                                   text1        001568
__ptext2                                   text2        001002
__ptext3                                   text3        00150E
__ptext4                                   text4        001492
__ptext5                                   text5        00116E
__ptext6                                   text6        001352
__ptext7                                   text7        001260
__ptext8                                   text8        001412
__ramtop                                   ramtop       001000
__smallconst                               smallconst   001000
_clear_bit_uint8                           text8        001412
_gpio_pin_direction_initialize             text6        001352
_gpio_pin_initialize                       text4        001492
_gpio_pin_toggle_logic                     text2        001002
_gpio_pin_write_logic                      text5        00116E
_led_1                                     dataCOMRAM   00001F
_led_init                                  text3        00150E
_led_toggle                                text1        001568
_main                                      text0        0015EA
_set_bit_uint8                             text7        001260
clear_bit_uint8@d_IDX_BIT_X                cstackCOMRAM 000024
clear_bit_uint8@p_reg                      cstackCOMRAM 000022
end_of_initialization                      cinit        0015E0
gpio_pin_direction_initialize@p_pin_config cstackCOMRAM 000027
gpio_pin_initialize@p_pin_config           cstackCOMRAM 00002B
gpio_pin_toggle_logic@bit_mask             cstackCOMRAM 000025
gpio_pin_toggle_logic@p_pin_config         cstackCOMRAM 000022
gpio_pin_write_logic@d_logic_desired       cstackCOMRAM 000028
gpio_pin_write_logic@p_pin_config          cstackCOMRAM 000027
intlevel0                                  text         000000
intlevel1                                  text         000000
intlevel2                                  text         000000
intlevel3                                  text         000000
isa$std                                    (abs)        000001
isa$xinst                                  (abs)        000000
led_init@F2933                             bssCOMRAM    000040
led_init@led_pin                           cstackCOMRAM 00002F
led_init@p_led                             cstackCOMRAM 00002E
led_on_off@F2938                           bssCOMRAM    00003B
led_toggle@F2942                           bssCOMRAM    000036
led_toggle@led_pin                         cstackCOMRAM 000027
led_toggle@p_led                           cstackCOMRAM 000026
set_bit_uint8@d_IDX_BIT_X                  cstackCOMRAM 000024
set_bit_uint8@p_reg                        cstackCOMRAM 000022
stackhi                                    (abs)        000000
stacklo                                    (abs)        000000
start                                      init         000000
start_initialization                       cinit        0015B4


MODULE INFORMATION

Module		Function		Class		Link	Load	Size
_HAL/MCAL/GPIO/HAL_GPIO.c
		_clear_bit_uint8		CODE           	1412	0000	128
		_gpio_pin_write_logic		CODE           	116E	0000	242
		_set_bit_uint8 		CODE           	1260	0000	242
		_gpio_pin_direction_initialize		CODE           	1352	0000	192
		_gpio_pin_toggle_logic		CODE           	1002	0000	364
		_gpio_pin_initialize		CODE           	1492	0000	124

_HAL/MCAL/GPIO/HAL_GPIO.c estimated size: 1292

_HAL/Drivers/LED/LED.c
		_led_init      		CODE           	150E	0000	90
		_led_toggle    		CODE           	1568	0000	76

_HAL/Drivers/LED/LED.c estimated size: 166

shared
		__initialization		CODE           	15B4	0000	44

shared estimated size: 44

main.c
		_main          		CODE           	15EA	0000	48

main.c estimated size: 48

